[ 2025-10-23 23:40:50,458 ] 14 root - INFO - Starting training pipeline
[ 2025-10-23 23:40:50,459 ] 17 root - INFO - Starting data ingestion
[ 2025-10-23 23:40:50,459 ] 26 root - INFO - Enter the data ingestion method or component
[ 2025-10-23 23:41:02,974 ] 30 root - INFO - Read the datasets as dataframe
[ 2025-10-23 23:41:26,257 ] 34 root - INFO - Train test split initiated
[ 2025-10-23 23:42:00,582 ] 41 root - INFO - Ingestion of the dataset is completed
[ 2025-10-23 23:42:01,829 ] 20 root - INFO - Data ingestion completed
[ 2025-10-23 23:42:01,829 ] 23 root - INFO - Starting data transformation
[ 2025-10-23 23:42:01,829 ] 136 root - INFO - Starting data transformation process
[ 2025-10-23 23:42:14,172 ] 142 root - INFO - Train data shape: (1197268, 16)
[ 2025-10-23 23:42:14,172 ] 143 root - INFO - Test data shape: (299318, 16)
[ 2025-10-23 23:42:14,172 ] 30 root - INFO - Starting datetime feature extraction
[ 2025-10-23 23:42:16,630 ] 48 root - INFO - Datetime feature extraction completed successfully
[ 2025-10-23 23:42:16,630 ] 59 root - INFO - Starting IP address conversion
[ 2025-10-23 23:42:23,153 ] 70 root - INFO - IP address conversion completed successfully
[ 2025-10-23 23:42:23,153 ] 81 root - INFO - Starting column dropping
[ 2025-10-23 23:42:23,445 ] 91 root - INFO - Column dropping completed successfully
[ 2025-10-23 23:42:23,445 ] 30 root - INFO - Starting datetime feature extraction
[ 2025-10-23 23:42:24,103 ] 48 root - INFO - Datetime feature extraction completed successfully
[ 2025-10-23 23:42:24,103 ] 59 root - INFO - Starting IP address conversion
[ 2025-10-23 23:42:25,825 ] 70 root - INFO - IP address conversion completed successfully
[ 2025-10-23 23:42:25,825 ] 81 root - INFO - Starting column dropping
[ 2025-10-23 23:42:25,935 ] 91 root - INFO - Column dropping completed successfully
[ 2025-10-23 23:42:25,937 ] 108 root - INFO - Starting data transformer object creation
[ 2025-10-23 23:42:25,937 ] 125 root - INFO - Data transformer object created successfully
