[ 2025-11-17 22:18:28,019 ] 14 root - INFO - Starting training pipeline
[ 2025-11-17 22:18:28,019 ] 17 root - INFO - Starting data ingestion
[ 2025-11-17 22:18:28,019 ] 26 root - INFO - Enter the data ingestion method or component
[ 2025-11-17 22:18:35,239 ] 30 root - INFO - Read the datasets as dataframe
[ 2025-11-17 22:18:47,511 ] 34 root - INFO - Train test split initiated
[ 2025-11-17 22:19:03,722 ] 41 root - INFO - Ingestion of the dataset is completed
[ 2025-11-17 22:19:04,375 ] 20 root - INFO - Data ingestion completed
[ 2025-11-17 22:19:04,375 ] 23 root - INFO - Starting data transformation
[ 2025-11-17 22:19:04,375 ] 136 root - INFO - Starting data transformation process
[ 2025-11-17 22:19:10,770 ] 146 root - INFO - Train data shape: (1197268, 16)
[ 2025-11-17 22:19:10,770 ] 147 root - INFO - Test data shape: (299318, 16)
[ 2025-11-17 22:19:10,770 ] 30 root - INFO - Starting datetime feature extraction
[ 2025-11-17 22:19:12,113 ] 48 root - INFO - Datetime feature extraction completed successfully
[ 2025-11-17 22:19:12,113 ] 59 root - INFO - Starting IP address conversion
[ 2025-11-17 22:19:15,776 ] 70 root - INFO - IP address conversion completed successfully
[ 2025-11-17 22:19:15,776 ] 81 root - INFO - Starting column dropping
[ 2025-11-17 22:19:15,918 ] 91 root - INFO - Column dropping completed successfully
[ 2025-11-17 22:19:15,918 ] 30 root - INFO - Starting datetime feature extraction
[ 2025-11-17 22:19:16,250 ] 48 root - INFO - Datetime feature extraction completed successfully
[ 2025-11-17 22:19:16,250 ] 59 root - INFO - Starting IP address conversion
[ 2025-11-17 22:19:17,182 ] 70 root - INFO - IP address conversion completed successfully
[ 2025-11-17 22:19:17,182 ] 81 root - INFO - Starting column dropping
[ 2025-11-17 22:19:17,229 ] 91 root - INFO - Column dropping completed successfully
[ 2025-11-17 22:19:17,324 ] 164 root - INFO - Columns in train_df before splitting: ['Transaction Amount', 'Payment Method', 'Product Category', 'Quantity', 'Customer Age', 'Customer Location', 'Device Used', 'Is Fraudulent', 'Account Age Days', 'Transaction_Year', 'Transaction_Month', 'Transaction_Day', 'Transaction_Hour', 'Transaction_Minute', 'Transaction_Second', 'Transaction_DayOfWeek', 'Is_Weekend', 'IP_Int']
[ 2025-11-17 22:19:17,324 ] 165 root - INFO - Columns in test_df before splitting: ['Transaction Amount', 'Payment Method', 'Product Category', 'Quantity', 'Customer Age', 'Customer Location', 'Device Used', 'Is Fraudulent', 'Account Age Days', 'Transaction_Year', 'Transaction_Month', 'Transaction_Day', 'Transaction_Hour', 'Transaction_Minute', 'Transaction_Second', 'Transaction_DayOfWeek', 'Is_Weekend', 'IP_Int']
[ 2025-11-17 22:19:17,324 ] 108 root - INFO - Starting data transformer object creation
[ 2025-11-17 22:19:17,324 ] 125 root - INFO - Data transformer object created successfully
[ 2025-11-17 22:19:17,388 ] 39 root - ERROR - Error in training pipeline: Error occured in python script name [C:\IS403\src\components\data_transformation.py]
line number [179]
error_message [A given column is not a column of the dataframe]
