[ 2025-12-02 19:56:30,603 ] 24 root - INFO - Starting training pipeline
[ 2025-12-02 19:56:30,603 ] 29 root - INFO - Starting data ingestion
[ 2025-12-02 19:56:30,603 ] 26 root - INFO - Enter the data ingestion method or component
[ 2025-12-02 19:56:30,603 ] 38 root - INFO - Reading dataset: data/Fraudulent_E-Commerce_Transaction_Data.csv
[ 2025-12-02 19:56:38,249 ] 38 root - INFO - Reading dataset: data/Fraudulent_E-Commerce_Transaction_Data_2.csv
[ 2025-12-02 19:56:38,490 ] 42 root - INFO - Successfully concatenated fraud datasets
[ 2025-12-02 19:56:38,747 ] 45 root - INFO - Dropped IP Address column as requested
[ 2025-12-02 19:56:52,291 ] 49 root - INFO - Train test split initiated
[ 2025-12-02 19:57:19,125 ] 56 root - INFO - Ingestion of the dataset is completed
[ 2025-12-02 19:57:21,273 ] 31 root - INFO - Data ingestion completed
[ 2025-12-02 19:57:21,273 ] 33 root - INFO - Starting data transformation
[ 2025-12-02 19:57:21,273 ] 146 root - INFO - Starting data transformation process
[ 2025-12-02 19:57:29,309 ] 154 root - INFO - Train data shape: (1197268, 15)
[ 2025-12-02 19:57:29,309 ] 155 root - INFO - Test data shape: (299318, 15)
[ 2025-12-02 19:57:29,309 ] 157 root - INFO - Applying feature engineering like notebook (train)
[ 2025-12-02 19:57:33,599 ] 162 root - INFO - Applying feature engineering like notebook (test)
[ 2025-12-02 19:57:35,105 ] 170 root - INFO - Columns in train_df before preprocessing object: ['Transaction Amount', 'Payment Method', 'Product Category', 'Quantity', 'Customer Age', 'Customer Location', 'Device Used', 'Is Fraudulent', 'Account Age Days', 'Transaction Hour', 'Address_Mismatch', 'Transaction_Weekday', 'Transaction_Hour', 'Customer_Frequency', 'Amount_Higher_Than_Average']
[ 2025-12-02 19:57:35,105 ] 173 root - INFO - Columns in test_df before preprocessing object: ['Transaction Amount', 'Payment Method', 'Product Category', 'Quantity', 'Customer Age', 'Customer Location', 'Device Used', 'Is Fraudulent', 'Account Age Days', 'Transaction Hour', 'Address_Mismatch', 'Transaction_Weekday', 'Transaction_Hour', 'Customer_Frequency', 'Amount_Higher_Than_Average']
[ 2025-12-02 19:57:35,105 ] 91 root - INFO - Starting data transformer object creation (linear + tree)
[ 2025-12-02 19:57:35,829 ] 131 root - INFO - Data transformer objects created successfully (preprocessor_linear + preprocessor_tree). Returning preprocessor_linear as default.
[ 2025-12-02 19:57:35,831 ] 20 root - INFO - Saved object to artifacts\preprocessor.pkl
[ 2025-12-02 19:57:35,831 ] 184 root - INFO - Data transformation (feature engineering) completed successfully
[ 2025-12-02 19:57:35,831 ] 185 root - INFO - Returning raw DataFrames and preprocessor object for ImbPipeline
[ 2025-12-02 19:57:35,873 ] 42 root - INFO - Data transformation (feature engineering) completed
[ 2025-12-02 19:57:35,874 ] 44 root - INFO - Starting Logistic Regression training with ImbPipeline
[ 2025-12-02 19:57:35,874 ] 49 root - INFO - Starting model training with ImbPipeline for fraud classification
[ 2025-12-02 19:57:35,980 ] 60 root - INFO - Train data shape: (1196831, 14)
[ 2025-12-02 19:57:35,980 ] 61 root - INFO - Test data shape: (299225, 14)
[ 2025-12-02 19:57:35,980 ] 63 root - INFO - Creating ImbPipeline with preprocessor, SMOTE, and LogisticRegression
[ 2025-12-02 19:57:35,980 ] 74 root - INFO - Fitting ImbPipeline on training data
[ 2025-12-02 19:57:57,777 ] 76 root - INFO - ImbPipeline fitting completed
[ 2025-12-02 19:57:57,777 ] 79 root - INFO - Predicting on test data
[ 2025-12-02 19:57:59,298 ] 20 root - INFO - Saved object to artifacts\model.pkl
[ 2025-12-02 19:57:59,298 ] 92 root - INFO - Persisted trained pipeline to artifacts\model.pkl
[ 2025-12-02 19:57:59,328 ] 49 root - INFO - Classification metrics: {'accuracy': 0.9411980950789539, 'precision': 0.3737935068733548, 'recall': 0.25549780087964813, 'f1_score': 0.30352689704310654, 'roc_auc': 0.7035953124324024}
[ 2025-12-02 19:58:05,745 ] 73 root - INFO - Training pipeline completed successfully
