[ 2025-12-02 23:25:20,299 ] 24 root - INFO - Starting training pipeline
[ 2025-12-02 23:25:20,299 ] 29 root - INFO - Starting data ingestion
[ 2025-12-02 23:25:20,299 ] 26 root - INFO - Enter the data ingestion method or component
[ 2025-12-02 23:25:20,299 ] 38 root - INFO - Reading dataset: data/Fraudulent_E-Commerce_Transaction_Data.csv
[ 2025-12-02 23:25:27,314 ] 38 root - INFO - Reading dataset: data/Fraudulent_E-Commerce_Transaction_Data_2.csv
[ 2025-12-02 23:25:27,573 ] 42 root - INFO - Successfully concatenated fraud datasets
[ 2025-12-02 23:25:27,858 ] 45 root - INFO - Dropped IP Address column as requested
[ 2025-12-02 23:25:39,549 ] 49 root - INFO - Train test split initiated
[ 2025-12-02 23:25:56,746 ] 56 root - INFO - Ingestion of the dataset is completed
[ 2025-12-02 23:25:57,456 ] 31 root - INFO - Data ingestion completed
[ 2025-12-02 23:25:57,456 ] 33 root - INFO - Starting data transformation
[ 2025-12-02 23:25:57,456 ] 146 root - INFO - Starting data transformation process
[ 2025-12-02 23:26:03,334 ] 154 root - INFO - Train data shape: (1197268, 15)
[ 2025-12-02 23:26:03,334 ] 155 root - INFO - Test data shape: (299318, 15)
[ 2025-12-02 23:26:03,334 ] 157 root - INFO - Applying feature engineering like notebook (train)
[ 2025-12-02 23:26:06,611 ] 162 root - INFO - Applying feature engineering like notebook (test)
[ 2025-12-02 23:26:07,680 ] 170 root - INFO - Columns in train_df before preprocessing object: ['Transaction Amount', 'Payment Method', 'Product Category', 'Quantity', 'Customer Age', 'Customer Location', 'Device Used', 'Is Fraudulent', 'Account Age Days', 'Transaction Hour', 'Address_Mismatch', 'Transaction_Weekday', 'Transaction_Hour', 'Customer_Frequency', 'Amount_Higher_Than_Average']
[ 2025-12-02 23:26:07,680 ] 173 root - INFO - Columns in test_df before preprocessing object: ['Transaction Amount', 'Payment Method', 'Product Category', 'Quantity', 'Customer Age', 'Customer Location', 'Device Used', 'Is Fraudulent', 'Account Age Days', 'Transaction Hour', 'Address_Mismatch', 'Transaction_Weekday', 'Transaction_Hour', 'Customer_Frequency', 'Amount_Higher_Than_Average']
[ 2025-12-02 23:26:07,681 ] 91 root - INFO - Starting data transformer object creation (linear + tree)
[ 2025-12-02 23:26:08,258 ] 131 root - INFO - Data transformer objects created successfully (preprocessor_linear + preprocessor_tree). Returning preprocessor_linear as default.
[ 2025-12-02 23:26:08,259 ] 20 root - INFO - Saved object to artifacts\preprocessor.pkl
[ 2025-12-02 23:26:08,259 ] 184 root - INFO - Data transformation (feature engineering) completed successfully
[ 2025-12-02 23:26:08,260 ] 185 root - INFO - Returning raw DataFrames and preprocessor object for ImbPipeline
[ 2025-12-02 23:26:08,289 ] 42 root - INFO - Data transformation (feature engineering) completed
[ 2025-12-02 23:26:08,289 ] 44 root - INFO - Starting Logistic Regression training with ImbPipeline
[ 2025-12-02 23:26:08,289 ] 53 root - INFO - Starting model training with ImbPipeline for fraud classification
[ 2025-12-02 23:26:08,353 ] 64 root - INFO - Train data shape: (1196831, 14)
[ 2025-12-02 23:26:08,353 ] 65 root - INFO - Test data shape: (299225, 14)
[ 2025-12-02 23:26:08,353 ] 67 root - INFO - Creating ImbPipeline with preprocessor, SMOTE, and LogisticRegression
[ 2025-12-02 23:26:08,353 ] 78 root - INFO - Fitting ImbPipeline on training data
[ 2025-12-02 23:32:54,691 ] 80 root - INFO - ImbPipeline fitting completed
[ 2025-12-02 23:32:54,692 ] 83 root - INFO - Predicting on test data
[ 2025-12-02 23:32:58,907 ] 20 root - INFO - Saved object to artifacts\model.pkl
[ 2025-12-02 23:32:58,908 ] 96 root - INFO - Persisted trained pipeline to artifacts\model.pkl
[ 2025-12-02 23:32:58,929 ] 49 root - INFO - Classification metrics: {'accuracy': 0.9243178210376807, 'precision': 0.2873761549593677, 'recall': 0.34406237504998, 'f1_score': 0.3131748149945408, 'roc_auc': 0.7611693784728253}
[ 2025-12-02 23:33:05,559 ] 72 root - INFO - Training pipeline completed successfully
