[ 2025-11-17 11:58:55,538 ] 14 root - INFO - Starting training pipeline
[ 2025-11-17 11:58:55,538 ] 17 root - INFO - Starting data ingestion
[ 2025-11-17 11:58:55,538 ] 26 root - INFO - Enter the data ingestion method or component
[ 2025-11-17 11:59:07,071 ] 30 root - INFO - Read the datasets as dataframe
[ 2025-11-17 11:59:34,088 ] 34 root - INFO - Train test split initiated
[ 2025-11-17 12:00:08,763 ] 41 root - INFO - Ingestion of the dataset is completed
[ 2025-11-17 12:00:09,743 ] 20 root - INFO - Data ingestion completed
[ 2025-11-17 12:00:09,743 ] 23 root - INFO - Starting data transformation
[ 2025-11-17 12:00:09,745 ] 136 root - INFO - Starting data transformation process
[ 2025-11-17 12:00:20,748 ] 142 root - INFO - Train data shape: (1197268, 16)
[ 2025-11-17 12:00:20,749 ] 143 root - INFO - Test data shape: (299318, 16)
[ 2025-11-17 12:00:20,749 ] 30 root - INFO - Starting datetime feature extraction
[ 2025-11-17 12:00:23,584 ] 48 root - INFO - Datetime feature extraction completed successfully
[ 2025-11-17 12:00:23,584 ] 59 root - INFO - Starting IP address conversion
[ 2025-11-17 12:00:31,306 ] 70 root - INFO - IP address conversion completed successfully
[ 2025-11-17 12:00:31,306 ] 81 root - INFO - Starting column dropping
[ 2025-11-17 12:00:31,537 ] 91 root - INFO - Column dropping completed successfully
[ 2025-11-17 12:00:31,537 ] 30 root - INFO - Starting datetime feature extraction
[ 2025-11-17 12:00:32,144 ] 48 root - INFO - Datetime feature extraction completed successfully
[ 2025-11-17 12:00:32,144 ] 59 root - INFO - Starting IP address conversion
[ 2025-11-17 12:00:33,656 ] 70 root - INFO - IP address conversion completed successfully
[ 2025-11-17 12:00:33,656 ] 81 root - INFO - Starting column dropping
[ 2025-11-17 12:00:33,735 ] 91 root - INFO - Column dropping completed successfully
[ 2025-11-17 12:00:33,735 ] 108 root - INFO - Starting data transformer object creation
[ 2025-11-17 12:00:33,736 ] 125 root - INFO - Data transformer object created successfully
