[ 2025-11-17 17:16:07,290 ] 14 root - INFO - Starting training pipeline
[ 2025-11-17 17:16:07,290 ] 17 root - INFO - Starting data ingestion
[ 2025-11-17 17:16:07,290 ] 26 root - INFO - Enter the data ingestion method or component
[ 2025-11-17 17:16:22,712 ] 30 root - INFO - Read the datasets as dataframe
[ 2025-11-17 17:16:40,086 ] 34 root - INFO - Train test split initiated
[ 2025-11-17 17:17:00,100 ] 41 root - INFO - Ingestion of the dataset is completed
[ 2025-11-17 17:17:00,861 ] 20 root - INFO - Data ingestion completed
[ 2025-11-17 17:17:00,861 ] 23 root - INFO - Starting data transformation
[ 2025-11-17 17:17:00,866 ] 136 root - INFO - Starting data transformation process
[ 2025-11-17 17:17:09,154 ] 146 root - INFO - Train data shape: (1197268, 16)
[ 2025-11-17 17:17:09,154 ] 147 root - INFO - Test data shape: (299318, 16)
[ 2025-11-17 17:17:09,154 ] 30 root - INFO - Starting datetime feature extraction
[ 2025-11-17 17:17:10,766 ] 48 root - INFO - Datetime feature extraction completed successfully
[ 2025-11-17 17:17:10,766 ] 59 root - INFO - Starting IP address conversion
[ 2025-11-17 17:17:15,010 ] 70 root - INFO - IP address conversion completed successfully
[ 2025-11-17 17:17:15,010 ] 81 root - INFO - Starting column dropping
[ 2025-11-17 17:17:15,190 ] 91 root - INFO - Column dropping completed successfully
[ 2025-11-17 17:17:15,190 ] 30 root - INFO - Starting datetime feature extraction
[ 2025-11-17 17:17:15,583 ] 48 root - INFO - Datetime feature extraction completed successfully
[ 2025-11-17 17:17:15,583 ] 59 root - INFO - Starting IP address conversion
[ 2025-11-17 17:17:16,655 ] 70 root - INFO - IP address conversion completed successfully
[ 2025-11-17 17:17:16,655 ] 81 root - INFO - Starting column dropping
[ 2025-11-17 17:17:16,715 ] 91 root - INFO - Column dropping completed successfully
[ 2025-11-17 17:17:16,715 ] 108 root - INFO - Starting data transformer object creation
[ 2025-11-17 17:17:16,715 ] 125 root - INFO - Data transformer object created successfully
