[ 2025-12-02 22:52:16,112 ] 24 root - INFO - Starting training pipeline
[ 2025-12-02 22:52:16,112 ] 29 root - INFO - Starting data ingestion
[ 2025-12-02 22:52:16,112 ] 26 root - INFO - Enter the data ingestion method or component
[ 2025-12-02 22:52:16,112 ] 38 root - INFO - Reading dataset: data/Fraudulent_E-Commerce_Transaction_Data.csv
[ 2025-12-02 22:52:22,528 ] 38 root - INFO - Reading dataset: data/Fraudulent_E-Commerce_Transaction_Data_2.csv
[ 2025-12-02 22:52:22,765 ] 42 root - INFO - Successfully concatenated fraud datasets
[ 2025-12-02 22:52:23,018 ] 45 root - INFO - Dropped IP Address column as requested
[ 2025-12-02 22:52:34,947 ] 49 root - INFO - Train test split initiated
[ 2025-12-02 22:52:52,049 ] 56 root - INFO - Ingestion of the dataset is completed
[ 2025-12-02 22:52:52,785 ] 31 root - INFO - Data ingestion completed
[ 2025-12-02 22:52:52,785 ] 33 root - INFO - Starting data transformation
[ 2025-12-02 22:52:52,785 ] 146 root - INFO - Starting data transformation process
[ 2025-12-02 22:52:58,885 ] 154 root - INFO - Train data shape: (1197268, 15)
[ 2025-12-02 22:52:58,901 ] 155 root - INFO - Test data shape: (299318, 15)
[ 2025-12-02 22:52:58,901 ] 157 root - INFO - Applying feature engineering like notebook (train)
[ 2025-12-02 22:53:02,279 ] 162 root - INFO - Applying feature engineering like notebook (test)
[ 2025-12-02 22:53:03,395 ] 170 root - INFO - Columns in train_df before preprocessing object: ['Transaction Amount', 'Payment Method', 'Product Category', 'Quantity', 'Customer Age', 'Customer Location', 'Device Used', 'Is Fraudulent', 'Account Age Days', 'Transaction Hour', 'Address_Mismatch', 'Transaction_Weekday', 'Transaction_Hour', 'Customer_Frequency', 'Amount_Higher_Than_Average']
[ 2025-12-02 22:53:03,395 ] 173 root - INFO - Columns in test_df before preprocessing object: ['Transaction Amount', 'Payment Method', 'Product Category', 'Quantity', 'Customer Age', 'Customer Location', 'Device Used', 'Is Fraudulent', 'Account Age Days', 'Transaction Hour', 'Address_Mismatch', 'Transaction_Weekday', 'Transaction_Hour', 'Customer_Frequency', 'Amount_Higher_Than_Average']
[ 2025-12-02 22:53:03,395 ] 91 root - INFO - Starting data transformer object creation (linear + tree)
[ 2025-12-02 22:53:04,048 ] 131 root - INFO - Data transformer objects created successfully (preprocessor_linear + preprocessor_tree). Returning preprocessor_linear as default.
[ 2025-12-02 22:53:04,048 ] 20 root - INFO - Saved object to artifacts\preprocessor.pkl
[ 2025-12-02 22:53:04,048 ] 184 root - INFO - Data transformation (feature engineering) completed successfully
[ 2025-12-02 22:53:04,048 ] 185 root - INFO - Returning raw DataFrames and preprocessor object for ImbPipeline
[ 2025-12-02 22:53:04,094 ] 42 root - INFO - Data transformation (feature engineering) completed
[ 2025-12-02 22:53:04,094 ] 44 root - INFO - Starting Logistic Regression training with ImbPipeline
[ 2025-12-02 22:53:04,094 ] 52 root - INFO - Starting model training with ImbPipeline for fraud classification
[ 2025-12-02 22:53:04,169 ] 63 root - INFO - Train data shape: (1196831, 14)
[ 2025-12-02 22:53:04,171 ] 64 root - INFO - Test data shape: (299225, 14)
[ 2025-12-02 22:53:04,171 ] 66 root - INFO - Creating ImbPipeline with preprocessor, SMOTE, and LogisticRegression
[ 2025-12-02 22:53:04,171 ] 77 root - INFO - Fitting ImbPipeline on training data
[ 2025-12-02 22:53:20,277 ] 79 root - INFO - ImbPipeline fitting completed
[ 2025-12-02 22:53:20,277 ] 82 root - INFO - Predicting on test data
[ 2025-12-02 22:53:21,453 ] 20 root - INFO - Saved object to artifacts\model.pkl
[ 2025-12-02 22:53:21,453 ] 95 root - INFO - Persisted trained pipeline to artifacts\model.pkl
[ 2025-12-02 22:53:21,472 ] 49 root - INFO - Classification metrics: {'accuracy': 0.9301863146461693, 'precision': 0.2452372705230343, 'recall': 0.18872451019592162, 'f1_score': 0.21330119755968968, 'roc_auc': 0.6435971329148487}
[ 2025-12-02 22:53:28,504 ] 72 root - INFO - Training pipeline completed successfully
