[ 2025-11-17 17:41:43,346 ] 14 root - INFO - Starting training pipeline
[ 2025-11-17 17:41:43,347 ] 17 root - INFO - Starting data ingestion
[ 2025-11-17 17:41:43,347 ] 26 root - INFO - Enter the data ingestion method or component
[ 2025-11-17 17:42:21,717 ] 30 root - INFO - Read the datasets as dataframe
[ 2025-11-17 17:43:49,120 ] 34 root - INFO - Train test split initiated
[ 2025-11-17 17:45:28,305 ] 41 root - INFO - Ingestion of the dataset is completed
[ 2025-11-17 17:45:30,751 ] 20 root - INFO - Data ingestion completed
[ 2025-11-17 17:45:30,752 ] 23 root - INFO - Starting data transformation
[ 2025-11-17 17:45:30,755 ] 136 root - INFO - Starting data transformation process
[ 2025-11-17 17:46:04,675 ] 146 root - INFO - Train data shape: (1197268, 16)
[ 2025-11-17 17:46:04,676 ] 147 root - INFO - Test data shape: (299318, 16)
[ 2025-11-17 17:46:04,676 ] 30 root - INFO - Starting datetime feature extraction
[ 2025-11-17 17:46:12,264 ] 48 root - INFO - Datetime feature extraction completed successfully
[ 2025-11-17 17:46:12,265 ] 59 root - INFO - Starting IP address conversion
[ 2025-11-17 17:46:35,192 ] 70 root - INFO - IP address conversion completed successfully
[ 2025-11-17 17:46:35,193 ] 81 root - INFO - Starting column dropping
[ 2025-11-17 17:46:35,887 ] 91 root - INFO - Column dropping completed successfully
[ 2025-11-17 17:46:35,888 ] 30 root - INFO - Starting datetime feature extraction
[ 2025-11-17 17:46:37,695 ] 48 root - INFO - Datetime feature extraction completed successfully
[ 2025-11-17 17:46:37,695 ] 59 root - INFO - Starting IP address conversion
[ 2025-11-17 17:46:43,303 ] 70 root - INFO - IP address conversion completed successfully
[ 2025-11-17 17:46:43,304 ] 81 root - INFO - Starting column dropping
[ 2025-11-17 17:46:43,641 ] 91 root - INFO - Column dropping completed successfully
[ 2025-11-17 17:46:43,641 ] 158 root - INFO - Columns in train_df before splitting: ['Transaction Amount', 'Payment Method', 'Product Category', 'Quantity', 'Customer Age', 'Customer Location', 'Device Used', 'Is Fraudulent', 'Account Age Days', 'Transaction Hour', 'Transaction_Year', 'Transaction_Month', 'Transaction_Day', 'Transaction_Hour', 'Transaction_Minute', 'Transaction_Second', 'Transaction_DayOfWeek', 'Is_Weekend', 'IP_Int']
[ 2025-11-17 17:46:43,642 ] 159 root - INFO - Columns in test_df before splitting: ['Transaction Amount', 'Payment Method', 'Product Category', 'Quantity', 'Customer Age', 'Customer Location', 'Device Used', 'Is Fraudulent', 'Account Age Days', 'Transaction Hour', 'Transaction_Year', 'Transaction_Month', 'Transaction_Day', 'Transaction_Hour', 'Transaction_Minute', 'Transaction_Second', 'Transaction_DayOfWeek', 'Is_Weekend', 'IP_Int']
[ 2025-11-17 17:46:43,643 ] 108 root - INFO - Starting data transformer object creation
[ 2025-11-17 17:46:43,643 ] 125 root - INFO - Data transformer object created successfully
[ 2025-11-17 17:46:44,147 ] 39 root - ERROR - Error in training pipeline: Error occured in python script name [C:\IS403\src\components\data_transformation.py]
line number [173]
error_message [A given column is not a column of the dataframe]
