[ 2025-11-29 12:15:39,761 ] 23 root - INFO - Starting training pipeline
[ 2025-11-29 12:15:39,761 ] 28 root - INFO - Starting data ingestion
[ 2025-11-29 12:15:39,761 ] 26 root - INFO - Enter the data ingestion method or component
[ 2025-11-29 12:15:39,761 ] 38 root - INFO - Reading dataset: data/Fraudulent_E-Commerce_Transaction_Data.csv
[ 2025-11-29 12:15:46,699 ] 38 root - INFO - Reading dataset: data/Fraudulent_E-Commerce_Transaction_Data_2.csv
[ 2025-11-29 12:15:46,925 ] 42 root - INFO - Successfully concatenated fraud datasets
[ 2025-11-29 12:15:47,193 ] 45 root - INFO - Dropped IP Address column as requested
[ 2025-11-29 12:15:58,935 ] 49 root - INFO - Train test split initiated
[ 2025-11-29 12:16:17,138 ] 56 root - INFO - Ingestion of the dataset is completed
[ 2025-11-29 12:16:17,803 ] 30 root - INFO - Data ingestion completed
[ 2025-11-29 12:16:17,803 ] 32 root - INFO - Starting data transformation
[ 2025-11-29 12:16:17,803 ] 116 root - INFO - Starting data transformation process
[ 2025-11-29 12:16:24,498 ] 126 root - INFO - Train data shape: (1197268, 15)
[ 2025-11-29 12:16:24,498 ] 127 root - INFO - Test data shape: (299318, 15)
[ 2025-11-29 12:16:24,498 ] 32 root - INFO - Starting datetime feature extraction
[ 2025-11-29 12:16:25,999 ] 50 root - INFO - Datetime feature extraction completed successfully
[ 2025-11-29 12:16:25,999 ] 64 root - INFO - Starting column dropping
[ 2025-11-29 12:16:26,182 ] 75 root - INFO - Column dropping completed successfully
[ 2025-11-29 12:16:26,182 ] 32 root - INFO - Starting datetime feature extraction
[ 2025-11-29 12:16:26,575 ] 50 root - INFO - Datetime feature extraction completed successfully
[ 2025-11-29 12:16:26,575 ] 64 root - INFO - Starting column dropping
[ 2025-11-29 12:16:26,625 ] 75 root - INFO - Column dropping completed successfully
[ 2025-11-29 12:16:26,727 ] 144 root - INFO - Columns in train_df before splitting: ['Transaction Amount', 'Payment Method', 'Product Category', 'Quantity', 'Customer Age', 'Customer Location', 'Device Used', 'Is Fraudulent', 'Account Age Days', 'Transaction_Year', 'Transaction_Month', 'Transaction_Day', 'Transaction_Hour', 'Transaction_Minute', 'Transaction_Second', 'Transaction_DayOfWeek', 'Is_Weekend']
[ 2025-11-29 12:16:26,727 ] 145 root - INFO - Columns in test_df before splitting: ['Transaction Amount', 'Payment Method', 'Product Category', 'Quantity', 'Customer Age', 'Customer Location', 'Device Used', 'Is Fraudulent', 'Account Age Days', 'Transaction_Year', 'Transaction_Month', 'Transaction_Day', 'Transaction_Hour', 'Transaction_Minute', 'Transaction_Second', 'Transaction_DayOfWeek', 'Is_Weekend']
[ 2025-11-29 12:16:26,727 ] 91 root - INFO - Starting data transformer object creation
[ 2025-11-29 12:16:26,769 ] 105 root - INFO - Data transformer object created successfully
[ 2025-11-29 12:16:26,769 ] 20 root - INFO - Saved object to artifacts\preprocessor.pkl
[ 2025-11-29 12:16:26,769 ] 156 root - INFO - Data transformation (feature engineering) completed successfully
[ 2025-11-29 12:16:26,769 ] 157 root - INFO - Returning raw DataFrames and preprocessor object for ImbPipeline
[ 2025-11-29 12:16:26,769 ] 41 root - INFO - Data transformation (feature engineering) completed
[ 2025-11-29 12:16:26,769 ] 43 root - INFO - Starting model training with ImbPipeline
[ 2025-11-29 12:16:26,769 ] 42 root - INFO - Starting model training with ImbPipeline for fraud classification
[ 2025-11-29 12:16:26,850 ] 53 root - INFO - Train data shape: (1197268, 16)
[ 2025-11-29 12:16:26,850 ] 54 root - INFO - Test data shape: (299318, 16)
[ 2025-11-29 12:16:26,850 ] 57 root - INFO - Creating ImbPipeline with preprocessor, SMOTE, and model
[ 2025-11-29 12:16:26,850 ] 66 root - INFO - Fitting ImbPipeline on training data
[ 2025-11-29 12:19:45,022 ] 68 root - INFO - ImbPipeline fitting completed
[ 2025-11-29 12:19:45,022 ] 71 root - INFO - Predicting on test data
[ 2025-11-29 12:19:49,303 ] 20 root - INFO - Saved object to artifacts\model.pkl
[ 2025-11-29 12:19:49,303 ] 84 root - INFO - Persisted trained pipeline to artifacts\model.pkl
[ 2025-11-29 12:19:49,328 ] 48 root - INFO - Classification metrics: {'accuracy': 0.9485029299941868, 'precision': 0.45671834625323, 'recall': 0.14128697042366106, 'f1_score': 0.21581196581196582, 'roc_auc': 0.7319333643878667}
[ 2025-11-29 12:20:06,311 ] 72 root - INFO - Training pipeline completed successfully
