[ 2025-11-29 12:16:01,458 ] 23 root - INFO - Starting training pipeline
[ 2025-11-29 12:16:01,458 ] 28 root - INFO - Starting data ingestion
[ 2025-11-29 12:16:01,458 ] 26 root - INFO - Enter the data ingestion method or component
[ 2025-11-29 12:16:01,458 ] 38 root - INFO - Reading dataset: data/Fraudulent_E-Commerce_Transaction_Data.csv
[ 2025-11-29 12:16:08,875 ] 38 root - INFO - Reading dataset: data/Fraudulent_E-Commerce_Transaction_Data_2.csv
[ 2025-11-29 12:16:09,098 ] 42 root - INFO - Successfully concatenated fraud datasets
[ 2025-11-29 12:16:09,353 ] 45 root - INFO - Dropped IP Address column as requested
[ 2025-11-29 12:16:21,811 ] 49 root - INFO - Train test split initiated
[ 2025-11-29 12:16:42,254 ] 56 root - INFO - Ingestion of the dataset is completed
[ 2025-11-29 12:16:43,057 ] 30 root - INFO - Data ingestion completed
[ 2025-11-29 12:16:43,057 ] 32 root - INFO - Starting data transformation
[ 2025-11-29 12:16:43,057 ] 116 root - INFO - Starting data transformation process
[ 2025-11-29 12:16:50,398 ] 126 root - INFO - Train data shape: (1197268, 15)
[ 2025-11-29 12:16:50,398 ] 127 root - INFO - Test data shape: (299318, 15)
[ 2025-11-29 12:16:50,398 ] 32 root - INFO - Starting datetime feature extraction
[ 2025-11-29 12:16:51,899 ] 50 root - INFO - Datetime feature extraction completed successfully
[ 2025-11-29 12:16:51,899 ] 64 root - INFO - Starting column dropping
[ 2025-11-29 12:16:52,101 ] 75 root - INFO - Column dropping completed successfully
[ 2025-11-29 12:16:52,101 ] 32 root - INFO - Starting datetime feature extraction
[ 2025-11-29 12:16:52,456 ] 50 root - INFO - Datetime feature extraction completed successfully
[ 2025-11-29 12:16:52,456 ] 64 root - INFO - Starting column dropping
[ 2025-11-29 12:16:52,519 ] 75 root - INFO - Column dropping completed successfully
[ 2025-11-29 12:16:52,620 ] 144 root - INFO - Columns in train_df before splitting: ['Transaction Amount', 'Payment Method', 'Product Category', 'Quantity', 'Customer Age', 'Customer Location', 'Device Used', 'Is Fraudulent', 'Account Age Days', 'Transaction_Year', 'Transaction_Month', 'Transaction_Day', 'Transaction_Hour', 'Transaction_Minute', 'Transaction_Second', 'Transaction_DayOfWeek', 'Is_Weekend']
[ 2025-11-29 12:16:52,620 ] 145 root - INFO - Columns in test_df before splitting: ['Transaction Amount', 'Payment Method', 'Product Category', 'Quantity', 'Customer Age', 'Customer Location', 'Device Used', 'Is Fraudulent', 'Account Age Days', 'Transaction_Year', 'Transaction_Month', 'Transaction_Day', 'Transaction_Hour', 'Transaction_Minute', 'Transaction_Second', 'Transaction_DayOfWeek', 'Is_Weekend']
[ 2025-11-29 12:16:52,620 ] 91 root - INFO - Starting data transformer object creation
[ 2025-11-29 12:16:52,661 ] 105 root - INFO - Data transformer object created successfully
[ 2025-11-29 12:16:52,665 ] 20 root - INFO - Saved object to artifacts\preprocessor.pkl
[ 2025-11-29 12:16:52,665 ] 156 root - INFO - Data transformation (feature engineering) completed successfully
[ 2025-11-29 12:16:52,665 ] 157 root - INFO - Returning raw DataFrames and preprocessor object for ImbPipeline
[ 2025-11-29 12:16:52,665 ] 41 root - INFO - Data transformation (feature engineering) completed
[ 2025-11-29 12:16:52,665 ] 43 root - INFO - Starting model training with ImbPipeline
[ 2025-11-29 12:16:52,665 ] 42 root - INFO - Starting model training with ImbPipeline for fraud classification
[ 2025-11-29 12:16:52,748 ] 53 root - INFO - Train data shape: (1197268, 16)
[ 2025-11-29 12:16:52,748 ] 54 root - INFO - Test data shape: (299318, 16)
[ 2025-11-29 12:16:52,748 ] 57 root - INFO - Creating ImbPipeline with preprocessor, SMOTE, and model
[ 2025-11-29 12:16:52,748 ] 66 root - INFO - Fitting ImbPipeline on training data
[ 2025-11-29 12:20:13,122 ] 68 root - INFO - ImbPipeline fitting completed
[ 2025-11-29 12:20:13,123 ] 71 root - INFO - Predicting on test data
[ 2025-11-29 12:20:15,910 ] 20 root - INFO - Saved object to artifacts\model.pkl
[ 2025-11-29 12:20:15,910 ] 84 root - INFO - Persisted trained pipeline to artifacts\model.pkl
[ 2025-11-29 12:20:15,940 ] 48 root - INFO - Classification metrics: {'accuracy': 0.9485029299941868, 'precision': 0.45671834625323, 'recall': 0.14128697042366106, 'f1_score': 0.21581196581196582, 'roc_auc': 0.7319333643878667}
[ 2025-11-29 12:20:22,368 ] 72 root - INFO - Training pipeline completed successfully
