[ 2025-11-29 12:29:45,193 ] 23 root - INFO - Starting training pipeline
[ 2025-11-29 12:29:45,193 ] 28 root - INFO - Starting data ingestion
[ 2025-11-29 12:29:45,193 ] 26 root - INFO - Enter the data ingestion method or component
[ 2025-11-29 12:29:45,193 ] 38 root - INFO - Reading dataset: data/Fraudulent_E-Commerce_Transaction_Data.csv
[ 2025-11-29 12:29:51,772 ] 38 root - INFO - Reading dataset: data/Fraudulent_E-Commerce_Transaction_Data_2.csv
[ 2025-11-29 12:29:52,039 ] 42 root - INFO - Successfully concatenated fraud datasets
[ 2025-11-29 12:29:52,323 ] 45 root - INFO - Dropped IP Address column as requested
[ 2025-11-29 12:30:04,921 ] 49 root - INFO - Train test split initiated
[ 2025-11-29 12:30:24,919 ] 56 root - INFO - Ingestion of the dataset is completed
[ 2025-11-29 12:30:25,597 ] 30 root - INFO - Data ingestion completed
[ 2025-11-29 12:30:25,597 ] 32 root - INFO - Starting data transformation
[ 2025-11-29 12:30:25,597 ] 116 root - INFO - Starting data transformation process
[ 2025-11-29 12:30:32,654 ] 126 root - INFO - Train data shape: (1197268, 15)
[ 2025-11-29 12:30:32,654 ] 127 root - INFO - Test data shape: (299318, 15)
[ 2025-11-29 12:30:32,654 ] 32 root - INFO - Starting datetime feature extraction
[ 2025-11-29 12:30:34,075 ] 50 root - INFO - Datetime feature extraction completed successfully
[ 2025-11-29 12:30:34,075 ] 64 root - INFO - Starting column dropping
[ 2025-11-29 12:30:34,232 ] 75 root - INFO - Column dropping completed successfully
[ 2025-11-29 12:30:34,232 ] 32 root - INFO - Starting datetime feature extraction
[ 2025-11-29 12:30:34,583 ] 50 root - INFO - Datetime feature extraction completed successfully
[ 2025-11-29 12:30:34,583 ] 64 root - INFO - Starting column dropping
[ 2025-11-29 12:30:34,647 ] 75 root - INFO - Column dropping completed successfully
[ 2025-11-29 12:30:34,733 ] 144 root - INFO - Columns in train_df before splitting: ['Transaction Amount', 'Payment Method', 'Product Category', 'Quantity', 'Customer Age', 'Customer Location', 'Device Used', 'Is Fraudulent', 'Account Age Days', 'Transaction_Year', 'Transaction_Month', 'Transaction_Day', 'Transaction_Hour', 'Transaction_Minute', 'Transaction_Second', 'Transaction_DayOfWeek', 'Is_Weekend']
[ 2025-11-29 12:30:34,733 ] 145 root - INFO - Columns in test_df before splitting: ['Transaction Amount', 'Payment Method', 'Product Category', 'Quantity', 'Customer Age', 'Customer Location', 'Device Used', 'Is Fraudulent', 'Account Age Days', 'Transaction_Year', 'Transaction_Month', 'Transaction_Day', 'Transaction_Hour', 'Transaction_Minute', 'Transaction_Second', 'Transaction_DayOfWeek', 'Is_Weekend']
[ 2025-11-29 12:30:34,733 ] 91 root - INFO - Starting data transformer object creation
[ 2025-11-29 12:30:34,780 ] 105 root - INFO - Data transformer object created successfully
[ 2025-11-29 12:30:34,780 ] 20 root - INFO - Saved object to artifacts\preprocessor.pkl
[ 2025-11-29 12:30:34,780 ] 156 root - INFO - Data transformation (feature engineering) completed successfully
[ 2025-11-29 12:30:34,780 ] 157 root - INFO - Returning raw DataFrames and preprocessor object for ImbPipeline
[ 2025-11-29 12:30:34,780 ] 41 root - INFO - Data transformation (feature engineering) completed
[ 2025-11-29 12:30:34,780 ] 43 root - INFO - Starting model training with ImbPipeline
[ 2025-11-29 12:30:34,780 ] 43 root - INFO - Starting model training with ImbPipeline for fraud classification
[ 2025-11-29 12:30:34,844 ] 54 root - INFO - Train data shape: (1197268, 16)
[ 2025-11-29 12:30:34,844 ] 55 root - INFO - Test data shape: (299318, 16)
[ 2025-11-29 12:30:34,844 ] 58 root - INFO - Creating ImbPipeline with preprocessor, SMOTE, and model
[ 2025-11-29 12:30:34,844 ] 67 root - INFO - Fitting ImbPipeline on training data
[ 2025-11-29 12:30:44,808 ] 69 root - INFO - ImbPipeline fitting completed
[ 2025-11-29 12:30:44,808 ] 72 root - INFO - Predicting on test data
[ 2025-11-29 12:30:45,896 ] 20 root - INFO - Saved object to artifacts\model.pkl
[ 2025-11-29 12:30:45,896 ] 85 root - INFO - Persisted trained pipeline to artifacts\model.pkl
[ 2025-11-29 12:30:45,912 ] 48 root - INFO - Classification metrics: {'accuracy': 0.9309096011599703, 'precision': 0.28003725551071096, 'recall': 0.24034106048494538, 'f1_score': 0.2586750788643533, 'roc_auc': 0.6485296652198689}
[ 2025-11-29 12:30:51,712 ] 72 root - INFO - Training pipeline completed successfully
