[ 2025-12-02 22:59:57,192 ] 24 root - INFO - Starting training pipeline
[ 2025-12-02 22:59:57,192 ] 29 root - INFO - Starting data ingestion
[ 2025-12-02 22:59:57,192 ] 26 root - INFO - Enter the data ingestion method or component
[ 2025-12-02 22:59:57,192 ] 38 root - INFO - Reading dataset: data/Fraudulent_E-Commerce_Transaction_Data.csv
[ 2025-12-02 23:00:03,618 ] 38 root - INFO - Reading dataset: data/Fraudulent_E-Commerce_Transaction_Data_2.csv
[ 2025-12-02 23:00:03,887 ] 42 root - INFO - Successfully concatenated fraud datasets
[ 2025-12-02 23:00:04,175 ] 45 root - INFO - Dropped IP Address column as requested
[ 2025-12-02 23:00:16,589 ] 49 root - INFO - Train test split initiated
[ 2025-12-02 23:00:32,667 ] 56 root - INFO - Ingestion of the dataset is completed
[ 2025-12-02 23:00:33,377 ] 31 root - INFO - Data ingestion completed
[ 2025-12-02 23:00:33,377 ] 33 root - INFO - Starting data transformation
[ 2025-12-02 23:00:33,377 ] 146 root - INFO - Starting data transformation process
[ 2025-12-02 23:00:39,824 ] 154 root - INFO - Train data shape: (1197268, 15)
[ 2025-12-02 23:00:39,824 ] 155 root - INFO - Test data shape: (299318, 15)
[ 2025-12-02 23:00:39,824 ] 157 root - INFO - Applying feature engineering like notebook (train)
[ 2025-12-02 23:00:43,146 ] 162 root - INFO - Applying feature engineering like notebook (test)
[ 2025-12-02 23:00:44,239 ] 170 root - INFO - Columns in train_df before preprocessing object: ['Transaction Amount', 'Payment Method', 'Product Category', 'Quantity', 'Customer Age', 'Customer Location', 'Device Used', 'Is Fraudulent', 'Account Age Days', 'Transaction Hour', 'Address_Mismatch', 'Transaction_Weekday', 'Transaction_Hour', 'Customer_Frequency', 'Amount_Higher_Than_Average']
[ 2025-12-02 23:00:44,239 ] 173 root - INFO - Columns in test_df before preprocessing object: ['Transaction Amount', 'Payment Method', 'Product Category', 'Quantity', 'Customer Age', 'Customer Location', 'Device Used', 'Is Fraudulent', 'Account Age Days', 'Transaction Hour', 'Address_Mismatch', 'Transaction_Weekday', 'Transaction_Hour', 'Customer_Frequency', 'Amount_Higher_Than_Average']
[ 2025-12-02 23:00:44,239 ] 91 root - INFO - Starting data transformer object creation (linear + tree)
[ 2025-12-02 23:00:44,979 ] 131 root - INFO - Data transformer objects created successfully (preprocessor_linear + preprocessor_tree). Returning preprocessor_linear as default.
[ 2025-12-02 23:00:44,984 ] 20 root - INFO - Saved object to artifacts\preprocessor.pkl
[ 2025-12-02 23:00:44,984 ] 184 root - INFO - Data transformation (feature engineering) completed successfully
[ 2025-12-02 23:00:44,984 ] 185 root - INFO - Returning raw DataFrames and preprocessor object for ImbPipeline
[ 2025-12-02 23:00:45,014 ] 42 root - INFO - Data transformation (feature engineering) completed
[ 2025-12-02 23:00:45,014 ] 44 root - INFO - Starting Logistic Regression training with ImbPipeline
[ 2025-12-02 23:00:45,014 ] 53 root - INFO - Starting model training with ImbPipeline for fraud classification
[ 2025-12-02 23:00:45,074 ] 64 root - INFO - Train data shape: (1196831, 14)
[ 2025-12-02 23:00:45,074 ] 65 root - INFO - Test data shape: (299225, 14)
[ 2025-12-02 23:00:45,074 ] 67 root - INFO - Creating ImbPipeline with preprocessor, SMOTE, and LogisticRegression
[ 2025-12-02 23:00:45,074 ] 78 root - INFO - Fitting ImbPipeline on training data
[ 2025-12-02 23:07:19,898 ] 80 root - INFO - ImbPipeline fitting completed
[ 2025-12-02 23:07:19,898 ] 83 root - INFO - Predicting on test data
[ 2025-12-02 23:07:23,128 ] 20 root - INFO - Saved object to artifacts\model.pkl
[ 2025-12-02 23:07:23,128 ] 96 root - INFO - Persisted trained pipeline to artifacts\model.pkl
[ 2025-12-02 23:07:23,148 ] 49 root - INFO - Classification metrics: {'accuracy': 0.9207920461191411, 'precision': 0.281345873359151, 'recall': 0.37278421964547515, 'f1_score': 0.3206741379804523, 'roc_auc': 0.7277188700316471}
[ 2025-12-02 23:07:29,079 ] 72 root - INFO - Training pipeline completed successfully
