[ 2025-11-28 18:22:03,037 ] 23 root - INFO - Starting training pipeline
[ 2025-11-28 18:22:03,052 ] 28 root - INFO - Starting data ingestion
[ 2025-11-28 18:22:03,053 ] 26 root - INFO - Enter the data ingestion method or component
[ 2025-11-28 18:22:03,054 ] 38 root - INFO - Reading dataset: data/Fraudulent_E-Commerce_Transaction_Data.csv
[ 2025-11-28 18:22:32,180 ] 38 root - INFO - Reading dataset: data/Fraudulent_E-Commerce_Transaction_Data_2.csv
[ 2025-11-28 18:22:32,985 ] 42 root - INFO - Successfully concatenated fraud datasets
[ 2025-11-28 18:22:33,667 ] 45 root - INFO - Dropped IP Address column as requested
[ 2025-11-28 18:23:35,678 ] 49 root - INFO - Train test split initiated
[ 2025-11-28 18:24:50,125 ] 56 root - INFO - Ingestion of the dataset is completed
[ 2025-11-28 18:24:52,078 ] 30 root - INFO - Data ingestion completed
[ 2025-11-28 18:24:52,078 ] 32 root - INFO - Starting data transformation
[ 2025-11-28 18:24:52,078 ] 116 root - INFO - Starting data transformation process
[ 2025-11-28 18:25:19,168 ] 126 root - INFO - Train data shape: (1197268, 15)
[ 2025-11-28 18:25:19,168 ] 127 root - INFO - Test data shape: (299318, 15)
[ 2025-11-28 18:25:19,168 ] 32 root - INFO - Starting datetime feature extraction
[ 2025-11-28 18:25:25,870 ] 50 root - INFO - Datetime feature extraction completed successfully
[ 2025-11-28 18:25:25,870 ] 64 root - INFO - Starting column dropping
[ 2025-11-28 18:25:26,516 ] 75 root - INFO - Column dropping completed successfully
[ 2025-11-28 18:25:26,518 ] 32 root - INFO - Starting datetime feature extraction
[ 2025-11-28 18:25:28,196 ] 50 root - INFO - Datetime feature extraction completed successfully
[ 2025-11-28 18:25:28,196 ] 64 root - INFO - Starting column dropping
[ 2025-11-28 18:25:28,389 ] 75 root - INFO - Column dropping completed successfully
[ 2025-11-28 18:25:28,788 ] 144 root - INFO - Columns in train_df before splitting: ['Transaction Amount', 'Payment Method', 'Product Category', 'Quantity', 'Customer Age', 'Customer Location', 'Device Used', 'Is Fraudulent', 'Account Age Days', 'Transaction_Year', 'Transaction_Month', 'Transaction_Day', 'Transaction_Hour', 'Transaction_Minute', 'Transaction_Second', 'Transaction_DayOfWeek', 'Is_Weekend']
[ 2025-11-28 18:25:28,788 ] 145 root - INFO - Columns in test_df before splitting: ['Transaction Amount', 'Payment Method', 'Product Category', 'Quantity', 'Customer Age', 'Customer Location', 'Device Used', 'Is Fraudulent', 'Account Age Days', 'Transaction_Year', 'Transaction_Month', 'Transaction_Day', 'Transaction_Hour', 'Transaction_Minute', 'Transaction_Second', 'Transaction_DayOfWeek', 'Is_Weekend']
[ 2025-11-28 18:25:28,788 ] 91 root - INFO - Starting data transformer object creation
[ 2025-11-28 18:25:28,932 ] 105 root - INFO - Data transformer object created successfully
[ 2025-11-28 18:25:42,414 ] 20 root - INFO - Saved object to artifacts\preprocessor.pkl
[ 2025-11-28 18:25:42,415 ] 167 root - INFO - Data transformation completed successfully
[ 2025-11-28 18:25:42,620 ] 42 root - INFO - Data transformation completed
[ 2025-11-28 18:25:42,620 ] 44 root - INFO - Starting model training
[ 2025-11-28 18:25:42,620 ] 34 root - INFO - Starting model training for fraud classification
[ 2025-11-28 18:26:14,616 ] 39 root - INFO - Model fitting completed
[ 2025-11-28 18:26:17,320 ] 20 root - INFO - Saved object to artifacts\model.pkl
[ 2025-11-28 18:26:17,320 ] 53 root - INFO - Persisted trained classifier to artifacts\model.pkl
[ 2025-11-28 18:26:17,320 ] 49 root - INFO - Classification metrics: {'accuracy': 0.9517135621646543, 'precision': 0.5941394408891882, 'recall': 0.11750599520383694, 'f1_score': 0.19620710750236361, 'roc_auc': 0.6785952482166693}
[ 2025-11-28 18:26:51,121 ] 71 root - INFO - Training pipeline completed successfully
