[ 2025-11-17 22:13:57,354 ] 14 root - INFO - Starting training pipeline
[ 2025-11-17 22:13:57,354 ] 17 root - INFO - Starting data ingestion
[ 2025-11-17 22:13:57,354 ] 26 root - INFO - Enter the data ingestion method or component
[ 2025-11-17 22:14:04,504 ] 30 root - INFO - Read the datasets as dataframe
[ 2025-11-17 22:14:16,751 ] 34 root - INFO - Train test split initiated
[ 2025-11-17 22:14:33,181 ] 41 root - INFO - Ingestion of the dataset is completed
[ 2025-11-17 22:14:33,841 ] 20 root - INFO - Data ingestion completed
[ 2025-11-17 22:14:33,841 ] 23 root - INFO - Starting data transformation
[ 2025-11-17 22:14:33,843 ] 136 root - INFO - Starting data transformation process
[ 2025-11-17 22:14:40,311 ] 146 root - INFO - Train data shape: (1197268, 16)
[ 2025-11-17 22:14:40,311 ] 147 root - INFO - Test data shape: (299318, 16)
[ 2025-11-17 22:14:40,311 ] 30 root - INFO - Starting datetime feature extraction
[ 2025-11-17 22:14:41,662 ] 48 root - INFO - Datetime feature extraction completed successfully
[ 2025-11-17 22:14:41,662 ] 59 root - INFO - Starting IP address conversion
[ 2025-11-17 22:14:45,477 ] 70 root - INFO - IP address conversion completed successfully
[ 2025-11-17 22:14:45,477 ] 81 root - INFO - Starting column dropping
[ 2025-11-17 22:14:45,626 ] 91 root - INFO - Column dropping completed successfully
[ 2025-11-17 22:14:45,626 ] 30 root - INFO - Starting datetime feature extraction
[ 2025-11-17 22:14:45,962 ] 48 root - INFO - Datetime feature extraction completed successfully
[ 2025-11-17 22:14:45,962 ] 59 root - INFO - Starting IP address conversion
[ 2025-11-17 22:14:46,916 ] 70 root - INFO - IP address conversion completed successfully
[ 2025-11-17 22:14:46,916 ] 81 root - INFO - Starting column dropping
[ 2025-11-17 22:14:46,964 ] 91 root - INFO - Column dropping completed successfully
[ 2025-11-17 22:14:47,043 ] 163 root - INFO - Columns in train_df before splitting: ['Transaction Amount', 'Payment Method', 'Product Category', 'Quantity', 'Customer Age', 'Customer Location', 'Device Used', 'Is Fraudulent', 'Account Age Days', 'Transaction_Year', 'Transaction_Month', 'Transaction_Day', 'Transaction_Minute', 'Transaction_Second', 'Transaction_DayOfWeek', 'Is_Weekend', 'IP_Int']
[ 2025-11-17 22:14:47,043 ] 164 root - INFO - Columns in test_df before splitting: ['Transaction Amount', 'Payment Method', 'Product Category', 'Quantity', 'Customer Age', 'Customer Location', 'Device Used', 'Is Fraudulent', 'Account Age Days', 'Transaction_Year', 'Transaction_Month', 'Transaction_Day', 'Transaction_Minute', 'Transaction_Second', 'Transaction_DayOfWeek', 'Is_Weekend', 'IP_Int']
[ 2025-11-17 22:14:47,043 ] 108 root - INFO - Starting data transformer object creation
[ 2025-11-17 22:14:47,043 ] 125 root - INFO - Data transformer object created successfully
[ 2025-11-17 22:14:47,113 ] 39 root - ERROR - Error in training pipeline: Error occured in python script name [C:\IS403\src\components\data_transformation.py]
line number [178]
error_message [A given column is not a column of the dataframe]
