[ 2025-11-28 17:42:28,961 ] 23 root - INFO - Starting training pipeline
[ 2025-11-28 17:42:28,961 ] 28 root - INFO - Starting data ingestion
[ 2025-11-28 17:42:28,961 ] 26 root - INFO - Enter the data ingestion method or component
[ 2025-11-28 17:42:28,961 ] 38 root - INFO - Reading dataset: data/Fraudulent_E-Commerce_Transaction_Data.csv
[ 2025-11-28 17:42:59,194 ] 38 root - INFO - Reading dataset: data/Fraudulent_E-Commerce_Transaction_Data_2.csv
[ 2025-11-28 17:43:00,012 ] 42 root - INFO - Successfully concatenated fraud datasets
[ 2025-11-28 17:43:00,697 ] 45 root - INFO - Dropped IP Address column as requested
[ 2025-11-28 17:44:02,912 ] 49 root - INFO - Train test split initiated
[ 2025-11-28 17:45:30,576 ] 56 root - INFO - Ingestion of the dataset is completed
[ 2025-11-28 17:45:32,708 ] 30 root - INFO - Data ingestion completed
[ 2025-11-28 17:45:32,708 ] 32 root - INFO - Starting data transformation
[ 2025-11-28 17:45:32,708 ] 116 root - INFO - Starting data transformation process
[ 2025-11-28 17:46:08,830 ] 126 root - INFO - Train data shape: (1197268, 15)
[ 2025-11-28 17:46:08,831 ] 127 root - INFO - Test data shape: (299318, 15)
[ 2025-11-28 17:46:08,832 ] 32 root - INFO - Starting datetime feature extraction
[ 2025-11-28 17:46:15,979 ] 50 root - INFO - Datetime feature extraction completed successfully
[ 2025-11-28 17:46:15,979 ] 64 root - INFO - Starting column dropping
[ 2025-11-28 17:46:16,660 ] 75 root - INFO - Column dropping completed successfully
[ 2025-11-28 17:46:16,660 ] 32 root - INFO - Starting datetime feature extraction
[ 2025-11-28 17:46:18,792 ] 50 root - INFO - Datetime feature extraction completed successfully
[ 2025-11-28 17:46:18,792 ] 64 root - INFO - Starting column dropping
[ 2025-11-28 17:46:19,010 ] 75 root - INFO - Column dropping completed successfully
[ 2025-11-28 17:46:19,555 ] 144 root - INFO - Columns in train_df before splitting: ['Transaction Amount', 'Payment Method', 'Product Category', 'Quantity', 'Customer Age', 'Customer Location', 'Device Used', 'Is Fraudulent', 'Account Age Days', 'Transaction_Year', 'Transaction_Month', 'Transaction_Day', 'Transaction_Hour', 'Transaction_Minute', 'Transaction_Second', 'Transaction_DayOfWeek', 'Is_Weekend']
[ 2025-11-28 17:46:19,556 ] 145 root - INFO - Columns in test_df before splitting: ['Transaction Amount', 'Payment Method', 'Product Category', 'Quantity', 'Customer Age', 'Customer Location', 'Device Used', 'Is Fraudulent', 'Account Age Days', 'Transaction_Year', 'Transaction_Month', 'Transaction_Day', 'Transaction_Hour', 'Transaction_Minute', 'Transaction_Second', 'Transaction_DayOfWeek', 'Is_Weekend']
[ 2025-11-28 17:46:19,556 ] 91 root - INFO - Starting data transformer object creation
[ 2025-11-28 17:46:19,721 ] 105 root - INFO - Data transformer object created successfully
[ 2025-11-28 17:46:35,819 ] 20 root - INFO - Saved object to artifacts\preprocessor.pkl
[ 2025-11-28 17:46:35,820 ] 167 root - INFO - Data transformation completed successfully
[ 2025-11-28 17:46:36,061 ] 42 root - INFO - Data transformation completed
[ 2025-11-28 17:46:36,061 ] 44 root - INFO - Starting model training
[ 2025-11-28 17:46:36,062 ] 31 root - INFO - Starting model training for fraud classification
[ 2025-11-28 17:46:52,948 ] 36 root - INFO - Model fitting completed
[ 2025-11-28 17:46:53,627 ] 20 root - INFO - Saved object to artifacts\model.pkl
[ 2025-11-28 17:46:53,628 ] 50 root - INFO - Persisted trained classifier to artifacts\model.pkl
[ 2025-11-28 17:46:53,628 ] 49 root - INFO - Classification metrics: {'accuracy': 0.767688545292966, 'precision': 0.1024107806962533, 'recall': 0.46775912603250736, 'f1_score': 0.16803263977793464, 'roc_auc': 0.6848614620224076}
[ 2025-11-28 17:48:03,868 ] 71 root - INFO - Training pipeline completed successfully
