[ 2025-12-02 23:12:33,942 ] 24 root - INFO - Starting training pipeline
[ 2025-12-02 23:12:33,942 ] 29 root - INFO - Starting data ingestion
[ 2025-12-02 23:12:33,942 ] 26 root - INFO - Enter the data ingestion method or component
[ 2025-12-02 23:12:33,942 ] 38 root - INFO - Reading dataset: data/Fraudulent_E-Commerce_Transaction_Data.csv
[ 2025-12-02 23:12:40,472 ] 38 root - INFO - Reading dataset: data/Fraudulent_E-Commerce_Transaction_Data_2.csv
[ 2025-12-02 23:12:40,693 ] 42 root - INFO - Successfully concatenated fraud datasets
[ 2025-12-02 23:12:40,932 ] 45 root - INFO - Dropped IP Address column as requested
[ 2025-12-02 23:12:52,352 ] 49 root - INFO - Train test split initiated
[ 2025-12-02 23:13:08,339 ] 56 root - INFO - Ingestion of the dataset is completed
[ 2025-12-02 23:13:09,051 ] 31 root - INFO - Data ingestion completed
[ 2025-12-02 23:13:09,051 ] 33 root - INFO - Starting data transformation
[ 2025-12-02 23:13:09,051 ] 146 root - INFO - Starting data transformation process
[ 2025-12-02 23:13:16,483 ] 154 root - INFO - Train data shape: (1197268, 15)
[ 2025-12-02 23:13:16,483 ] 155 root - INFO - Test data shape: (299318, 15)
[ 2025-12-02 23:13:16,484 ] 157 root - INFO - Applying feature engineering like notebook (train)
[ 2025-12-02 23:13:20,272 ] 162 root - INFO - Applying feature engineering like notebook (test)
[ 2025-12-02 23:13:21,459 ] 170 root - INFO - Columns in train_df before preprocessing object: ['Transaction Amount', 'Payment Method', 'Product Category', 'Quantity', 'Customer Age', 'Customer Location', 'Device Used', 'Is Fraudulent', 'Account Age Days', 'Transaction Hour', 'Address_Mismatch', 'Transaction_Weekday', 'Transaction_Hour', 'Customer_Frequency', 'Amount_Higher_Than_Average']
[ 2025-12-02 23:13:21,459 ] 173 root - INFO - Columns in test_df before preprocessing object: ['Transaction Amount', 'Payment Method', 'Product Category', 'Quantity', 'Customer Age', 'Customer Location', 'Device Used', 'Is Fraudulent', 'Account Age Days', 'Transaction Hour', 'Address_Mismatch', 'Transaction_Weekday', 'Transaction_Hour', 'Customer_Frequency', 'Amount_Higher_Than_Average']
[ 2025-12-02 23:13:21,459 ] 91 root - INFO - Starting data transformer object creation (linear + tree)
[ 2025-12-02 23:13:22,201 ] 131 root - INFO - Data transformer objects created successfully (preprocessor_linear + preprocessor_tree). Returning preprocessor_linear as default.
[ 2025-12-02 23:13:22,201 ] 20 root - INFO - Saved object to artifacts\preprocessor.pkl
[ 2025-12-02 23:13:22,201 ] 184 root - INFO - Data transformation (feature engineering) completed successfully
[ 2025-12-02 23:13:22,201 ] 185 root - INFO - Returning raw DataFrames and preprocessor object for ImbPipeline
[ 2025-12-02 23:13:22,242 ] 42 root - INFO - Data transformation (feature engineering) completed
[ 2025-12-02 23:13:22,242 ] 44 root - INFO - Starting Logistic Regression training with ImbPipeline
[ 2025-12-02 23:13:22,242 ] 53 root - INFO - Starting model training with ImbPipeline for fraud classification
[ 2025-12-02 23:13:22,325 ] 64 root - INFO - Train data shape: (1196831, 14)
[ 2025-12-02 23:13:22,325 ] 65 root - INFO - Test data shape: (299225, 14)
[ 2025-12-02 23:13:22,325 ] 67 root - INFO - Creating ImbPipeline with preprocessor, SMOTE, and LogisticRegression
[ 2025-12-02 23:13:22,325 ] 78 root - INFO - Fitting ImbPipeline on training data
[ 2025-12-02 23:16:23,267 ] 80 root - INFO - ImbPipeline fitting completed
[ 2025-12-02 23:16:23,267 ] 83 root - INFO - Predicting on test data
[ 2025-12-02 23:16:26,640 ] 20 root - INFO - Saved object to artifacts\model.pkl
[ 2025-12-02 23:16:26,640 ] 96 root - INFO - Persisted trained pipeline to artifacts\model.pkl
[ 2025-12-02 23:16:26,660 ] 49 root - INFO - Classification metrics: {'accuracy': 0.9545091486339711, 'precision': 0.8676160337552743, 'recall': 0.10962281753965081, 'f1_score': 0.19465152053011478, 'roc_auc': 0.8097802899254134}
[ 2025-12-02 23:16:33,455 ] 72 root - INFO - Training pipeline completed successfully
